-- The CXX compiler identification is GNU 13.3.0
-- Detecting CXX compiler ABI info
-- Detecting CXX compiler ABI info - done
-- Check for working CXX compiler: /usr/bin/c++ - skipped
-- Detecting CXX compile features
-- Detecting CXX compile features - done
-- The C compiler identification is GNU 13.3.0
-- Detecting C compiler ABI info
-- Detecting C compiler ABI info - done
-- Check for working C compiler: /usr/bin/cc - skipped
-- Detecting C compile features
-- Detecting C compile features - done
-- Performing Test CMAKE_HAVE_LIBC_PTHREAD
-- Performing Test CMAKE_HAVE_LIBC_PTHREAD - Success
-- Found Threads: TRUE
-- Configuring done (1.4s)
-- Generating done (0.0s)
-- Build files have been written to: /home/runner/work/torque-vectoring/torque-vectoring/build/torque_vectoring
[  6%] [32mBuilding CXX object CMakeFiles/torque_vectoring.dir/src/reference_generators/reference_generator.cpp.o[0m
[ 13%] [32mBuilding CXX object _deps/googletest-build/googletest/CMakeFiles/gtest.dir/src/gtest-all.cc.o[0m
[ 20%] [32mBuilding CXX object CMakeFiles/torque_vectoring.dir/src/reference_generators/sideslip_reference_generators/steady_state_sideslip_reference_generator.cpp.o[0m
[ 26%] [32mBuilding CXX object CMakeFiles/torque_vectoring.dir/src/reference_generators/yaw_rate_reference_generators/steady_state_yaw_rate_reference_generator.cpp.o[0m
[ 33%] [32m[1mLinking CXX static library libtorque_vectoring.a[0m
[ 40%] [32m[1mLinking CXX static library ../../../lib/libgtest.a[0m
[ 40%] Built target torque_vectoring
[ 40%] Built target gtest
[ 46%] [32mBuilding CXX object _deps/googletest-build/googlemock/CMakeFiles/gmock.dir/src/gmock-all.cc.o[0m
[ 53%] [32mBuilding CXX object _deps/googletest-build/googletest/CMakeFiles/gtest_main.dir/src/gtest_main.cc.o[0m
[ 60%] [32m[1mLinking CXX static library ../../../lib/libgtest_main.a[0m
[ 60%] Built target gtest_main
[ 66%] [32m[1mLinking CXX static library ../../../lib/libgmock.a[0m
[ 66%] Built target gmock
[ 73%] [32mBuilding CXX object _deps/googletest-build/googlemock/CMakeFiles/gmock_main.dir/src/gmock_main.cc.o[0m
[ 80%] [32mBuilding CXX object CMakeFiles/reference_generator_tests.dir/test/reference_generators/ref_gen_test.cpp.o[0m
[ 86%] [32m[1mLinking CXX static library ../../../lib/libgmock_main.a[0m
[ 86%] Built target gmock_main
[ 93%] [32mBuilding CXX object CMakeFiles/reference_generator_tests.dir/test/reference_generators/yr_ref_gen/ss_yr_ref_gen_test.cpp.o[0m
